// Jest Snapshot v1, https://goo.gl/fbAQLP

exports[`HighlightString Component matches snapshot 1`] = `
<Text
  style={
    [
      {
        "color": "#F6F6F6",
        "fontFamily": "Inter",
        "textAlign": "center",
      },
      {
        "fontSize": "20px",
        "fontWeight": 400,
      },
      undefined,
    ]
  }
>
  <Text>
    Test 
  </Text>
  <Text
    style={
      [
        {
          "color": "#BADE5B",
          "fontWeight": "bold",
        },
        undefined,
      ]
    }
  >
    42
  </Text>
  <Text />
  <Text
    style={
      [
        {
          "color": "#D567FA",
          "fontWeight": "bold",
        },
        undefined,
      ]
    }
  >
    ,
  </Text>
  <Text>
     wow
  </Text>
  <Text
    style={
      [
        {
          "color": "#D567FA",
          "fontWeight": "bold",
        },
        undefined,
      ]
    }
  >
    !
  </Text>
  <Text />
</Text>
`;
