// Jest Snapshot v1, https://goo.gl/fbAQLP

exports[`InputFieldNote component renders correctly with default props 1`] = `
<div
  data-label="Comment"
  data-placeholder="Add comment"
  data-testid="input-field"
  data-variant="outline"
  testID="input-field"
>
  <div
    data-testid="icon"
  >
    CommonFileIcon
  </div>
</div>
`;
