// Jest Snapshot v1, https://goo.gl/fbAQLP

exports[`DropdownSwapVault component renders correctly with vaults 1`] = `
<View
  testID="dropdown-swap-vault"
>
  <View
    style={
      {
        "alignItems": "center",
        "maxWidth": 400,
        "width": "100%",
      }
    }
  >
    <View
      accessibilityState={
        {
          "busy": undefined,
          "checked": undefined,
          "disabled": undefined,
          "expanded": undefined,
          "selected": undefined,
        }
      }
      accessibilityValue={
        {
          "max": undefined,
          "min": undefined,
          "now": undefined,
          "text": undefined,
        }
      }
      accessible={true}
      collapsable={false}
      focusable={true}
      onClick={[Function]}
      onResponderGrant={[Function]}
      onResponderMove={[Function]}
      onResponderRelease={[Function]}
      onResponderTerminate={[Function]}
      onResponderTerminationRequest={[Function]}
      onStartShouldSetResponder={[Function]}
      style={
        {
          "alignItems": "center",
          "backgroundColor": "#050B06",
          "borderBottomLeftRadius": 20,
          "borderBottomRightRadius": 20,
          "borderColor": "transparent",
          "borderTopLeftRadius": 20,
          "borderTopRightRadius": 20,
          "borderWidth": 1,
          "flexDirection": "row",
          "gap": 10,
          "opacity": 1,
          "paddingBottom": 10,
          "paddingLeft": 15,
          "paddingRight": 15,
          "paddingTop": 10,
          "width": "100%",
          "zIndex": 3,
        }
      }
    >
      <RNSVGSvgView
        align="xMidYMid"
        bbHeight={21}
        bbWidth={21}
        color="#BADE5B"
        fill="none"
        focusable={false}
        height={21}
        meetOrSlice={0}
        minX={0}
        minY={0}
        size={21}
        style={
          [
            {
              "backgroundColor": "transparent",
              "borderWidth": 0,
            },
            {
              "flex": 0,
              "height": 21,
              "width": 21,
            },
          ]
        }
        vbHeight={24}
        vbWidth={25}
        width={21}
        xmlns="http://www.w3.org/2000/svg"
      >
        <RNSVGGroup
          fill={null}
          propList={
            [
              "fill",
            ]
          }
        >
          <RNSVGPath
            d="M12.5033 21C11.2587 21 10.0887 20.7638 8.993 20.2915C7.8975 19.8192 6.9445 19.1782 6.134 18.3685C5.3235 17.5588 4.68192 16.6067 4.20925 15.512C3.73642 14.4175 3.5 13.2479 3.5 12.0033C3.5 10.7587 3.73617 9.58867 4.2085 8.493C4.68083 7.3975 5.32183 6.4445 6.1315 5.634C6.94117 4.8235 7.89333 4.18192 8.988 3.70925C10.0825 3.23642 11.2521 3 12.4967 3C13.7413 3 14.9113 3.23617 16.007 3.7085C17.1025 4.18083 18.0555 4.82183 18.866 5.6315C19.6765 6.44117 20.3181 7.39333 20.7908 8.488C21.2636 9.5825 21.5 10.7521 21.5 11.9967C21.5 13.2413 21.2638 14.4113 20.7915 15.507C20.3192 16.6025 19.6782 17.5555 18.8685 18.366C18.0588 19.1765 17.1067 19.8181 16.012 20.2908C14.9175 20.7636 13.7479 21 12.5033 21ZM12.5 20C14.7333 20 16.625 19.225 18.175 17.675C19.725 16.125 20.5 14.2333 20.5 12C20.5 9.76667 19.725 7.875 18.175 6.325C16.625 4.775 14.7333 4 12.5 4C10.2667 4 8.375 4.775 6.825 6.325C5.275 7.875 4.5 9.76667 4.5 12C4.5 14.2333 5.275 16.125 6.825 17.675C8.375 19.225 10.2667 20 12.5 20Z"
            fill={
              {
                "payload": 4290436699,
                "type": 0,
              }
            }
            propList={
              [
                "fill",
              ]
            }
          />
          <RNSVGPath
            d="M12.5 12.75C13.7426 12.75 14.75 11.7426 14.75 10.5C14.75 9.25736 13.7426 8.25 12.5 8.25C11.2574 8.25 10.25 9.25736 10.25 10.5C10.25 11.7426 11.2574 12.75 12.5 12.75Z"
            fill={
              {
                "payload": 4278190080,
                "type": 0,
              }
            }
            propList={
              [
                "stroke",
                "strokeLinecap",
                "strokeLinejoin",
              ]
            }
            stroke={
              {
                "payload": 4290436699,
                "type": 0,
              }
            }
            strokeLinecap={1}
            strokeLinejoin={1}
          />
          <RNSVGPath
            d="M12.553 12.75V15.75"
            fill={
              {
                "payload": 4278190080,
                "type": 0,
              }
            }
            propList={
              [
                "stroke",
                "strokeLinecap",
                "strokeLinejoin",
              ]
            }
            stroke={
              {
                "payload": 4290436699,
                "type": 0,
              }
            }
            strokeLinecap={2}
            strokeLinejoin={1}
          />
        </RNSVGGroup>
      </RNSVGSvgView>
      <Text
        ellipsizeMode="tail"
        numberOfLines={1}
        style={
          {
            "color": "#BADE5B",
            "flex": 1,
            "marginHorizontal": 8,
          }
        }
      >
        vault1
      </Text>
      <View
        style={
          {
            "marginLeft": "auto",
          }
        }
      >
        <RNSVGSvgView
          align="xMidYMid"
          bbHeight={14}
          bbWidth={14}
          color="#BADE5B"
          fill="none"
          focusable={false}
          height={14}
          meetOrSlice={0}
          minX={0}
          minY={0}
          size={14}
          style={
            [
              {
                "backgroundColor": "transparent",
                "borderWidth": 0,
              },
              {
                "flex": 0,
                "height": 14,
                "width": 14,
              },
            ]
          }
          vbHeight={25}
          vbWidth={25}
          width={14}
          xmlns="http://www.w3.org/2000/svg"
        >
          <RNSVGGroup
            fill={null}
            propList={
              [
                "fill",
              ]
            }
          >
            <RNSVGPath
              d="M3.19236 8.1636L4.25586 7.1001L12.5001 15.3443L20.7444 7.1001L21.8079 8.1636L12.5001 17.4713L3.19236 8.1636Z"
              fill={
                {
                  "payload": 4290436699,
                  "type": 0,
                }
              }
              propList={
                [
                  "fill",
                ]
              }
            />
          </RNSVGGroup>
        </RNSVGSvgView>
      </View>
    </View>
    <div
      isOpen={false}
      style={
        {
          "maxHeight": 0,
          "opacity": 0,
        }
      }
      testID="dropdown-wrapper"
    >
      <View
        style={
          {
            "marginTop": 10,
            "maxHeight": 143,
            "width": "100%",
          }
        }
      >
        <RCTScrollView
          ListFooterComponent={null}
          data={
            [
              {
                "id": "vault2",
              },
              {
                "id": "vault3",
              },
            ]
          }
          getItem={[Function]}
          getItemCount={[Function]}
          keyExtractor={[Function]}
          onContentSizeChange={[Function]}
          onLayout={[Function]}
          onMomentumScrollBegin={[Function]}
          onMomentumScrollEnd={[Function]}
          onScroll={[Function]}
          onScrollBeginDrag={[Function]}
          onScrollEndDrag={[Function]}
          removeClippedSubviews={false}
          renderItem={[Function]}
          scrollEventThrottle={0.0001}
          stickyHeaderIndices={[]}
          viewabilityConfigCallbackPairs={[]}
        >
          <View>
            <View
              onFocusCapture={[Function]}
              onLayout={[Function]}
              style={null}
            >
              <View
                accessibilityState={
                  {
                    "busy": undefined,
                    "checked": undefined,
                    "disabled": undefined,
                    "expanded": undefined,
                    "selected": undefined,
                  }
                }
                accessibilityValue={
                  {
                    "max": undefined,
                    "min": undefined,
                    "now": undefined,
                    "text": undefined,
                  }
                }
                accessible={true}
                collapsable={false}
                focusable={true}
                onClick={[Function]}
                onResponderGrant={[Function]}
                onResponderMove={[Function]}
                onResponderRelease={[Function]}
                onResponderTerminate={[Function]}
                onResponderTerminationRequest={[Function]}
                onStartShouldSetResponder={[Function]}
                style={
                  {
                    "alignItems": "center",
                    "backgroundColor": "#232323",
                    "borderBottomLeftRadius": 10,
                    "borderBottomRightRadius": 10,
                    "borderTopLeftRadius": 10,
                    "borderTopRightRadius": 10,
                    "flexDirection": "row",
                    "justifyContent": "space-between",
                    "marginBottom": 10,
                    "opacity": 1,
                    "paddingBottom": 9,
                    "paddingLeft": 10,
                    "paddingRight": 10,
                    "paddingTop": 9,
                  }
                }
              >
                <Text
                  ellipsizeMode="tail"
                  numberOfLines={1}
                  style={
                    {
                      "color": "#F6F6F6",
                      "fontSize": 16,
                      "fontWeight": "700",
                    }
                  }
                >
                  vault2
                </Text>
              </View>
            </View>
            <View
              onFocusCapture={[Function]}
              onLayout={[Function]}
              style={null}
            >
              <View
                accessibilityState={
                  {
                    "busy": undefined,
                    "checked": undefined,
                    "disabled": undefined,
                    "expanded": undefined,
                    "selected": undefined,
                  }
                }
                accessibilityValue={
                  {
                    "max": undefined,
                    "min": undefined,
                    "now": undefined,
                    "text": undefined,
                  }
                }
                accessible={true}
                collapsable={false}
                focusable={true}
                onClick={[Function]}
                onResponderGrant={[Function]}
                onResponderMove={[Function]}
                onResponderRelease={[Function]}
                onResponderTerminate={[Function]}
                onResponderTerminationRequest={[Function]}
                onStartShouldSetResponder={[Function]}
                style={
                  {
                    "alignItems": "center",
                    "backgroundColor": "#232323",
                    "borderBottomLeftRadius": 10,
                    "borderBottomRightRadius": 10,
                    "borderTopLeftRadius": 10,
                    "borderTopRightRadius": 10,
                    "flexDirection": "row",
                    "justifyContent": "space-between",
                    "marginBottom": 10,
                    "opacity": 1,
                    "paddingBottom": 9,
                    "paddingLeft": 10,
                    "paddingRight": 10,
                    "paddingTop": 9,
                  }
                }
              >
                <Text
                  ellipsizeMode="tail"
                  numberOfLines={1}
                  style={
                    {
                      "color": "#F6F6F6",
                      "fontSize": 16,
                      "fontWeight": "700",
                    }
                  }
                >
                  vault3
                </Text>
              </View>
            </View>
          </View>
        </RCTScrollView>
      </View>
    </div>
  </View>
</View>
`;
