// Jest Snapshot v1, https://goo.gl/fbAQLP

exports[`ListItemRecordCategory renders correctly with provided item data 1`] = `
<View
  testID="item-category-wrapper"
>
  <View
    accessibilityState={
      {
        "busy": undefined,
        "checked": undefined,
        "disabled": undefined,
        "expanded": undefined,
        "selected": undefined,
      }
    }
    accessibilityValue={
      {
        "max": undefined,
        "min": undefined,
        "now": undefined,
        "text": undefined,
      }
    }
    accessible={true}
    collapsable={false}
    focusable={true}
    onClick={[Function]}
    onResponderGrant={[Function]}
    onResponderMove={[Function]}
    onResponderRelease={[Function]}
    onResponderTerminate={[Function]}
    onResponderTerminationRequest={[Function]}
    onStartShouldSetResponder={[Function]}
    style={
      {
        "opacity": 1,
      }
    }
    testID="record-item-expense"
  >
    <View
      color="red"
      testID="category-icon-container"
    >
      <Text
        color="red"
        fill={true}
        height={24}
        testID="expense-icon"
        width={24}
      >
        ExpenseIcon
      </Text>
    </View>
    <View
      testID="category-content"
    >
      <Text
        testID="category-name"
      >
        Food
      </Text>
      <Text
        testID="category-description"
      >
        Food and drinks
      </Text>
    </View>
  </View>
</View>
`;
