// Jest Snapshot v1, https://goo.gl/fbAQLP

exports[`ToolbarCreateOrEditCategory component renders correctly with all components 1`] = `
<View
  testID="record-form-header"
>
  <View>
    <View
      accessibilityState={
        {
          "busy": undefined,
          "checked": undefined,
          "disabled": undefined,
          "expanded": undefined,
          "selected": undefined,
        }
      }
      accessibilityValue={
        {
          "max": undefined,
          "min": undefined,
          "now": undefined,
          "text": undefined,
        }
      }
      accessible={true}
      collapsable={false}
      focusable={true}
      onClick={[Function]}
      onResponderGrant={[Function]}
      onResponderMove={[Function]}
      onResponderRelease={[Function]}
      onResponderTerminate={[Function]}
      onResponderTerminationRequest={[Function]}
      onStartShouldSetResponder={[Function]}
      style={
        {
          "alignItems": "center",
          "alignSelf": "flex-start",
          "backgroundColor": "#050B06",
          "borderBottomLeftRadius": 25,
          "borderBottomRightRadius": 25,
          "borderColor": "#050B06",
          "borderStyle": "solid",
          "borderTopLeftRadius": 25,
          "borderTopRightRadius": 25,
          "borderWidth": 1,
          "flexDirection": "row",
          "gap": 10,
          "justifyContent": "center",
          "opacity": 1,
          "paddingBottom": 7,
          "paddingLeft": 7,
          "paddingRight": 7,
          "paddingTop": 7,
        }
      }
    >
      <Text
        testID="x-icon"
      >
        Close
      </Text>
    </View>
  </View>
  <View
    testID="record-form-header-actions"
  >
    <Text
      data-selectedfolder="123"
      onPress={[Function]}
      testID="folder-dropdown"
    >
      FolderDropDown
    </Text>
    <View
      accessibilityState={
        {
          "busy": undefined,
          "checked": undefined,
          "disabled": undefined,
          "expanded": undefined,
          "selected": undefined,
        }
      }
      accessibilityValue={
        {
          "max": undefined,
          "min": undefined,
          "now": undefined,
          "text": undefined,
        }
      }
      accessible={true}
      collapsable={false}
      focusable={true}
      onClick={[Function]}
      onResponderGrant={[Function]}
      onResponderMove={[Function]}
      onResponderRelease={[Function]}
      onResponderTerminate={[Function]}
      onResponderTerminationRequest={[Function]}
      onStartShouldSetResponder={[Function]}
      style={
        {
          "alignItems": "center",
          "alignSelf": "flex-start",
          "backgroundColor": "#BADE5B",
          "borderBottomLeftRadius": 15,
          "borderBottomRightRadius": 15,
          "borderColor": "#A3BB62",
          "borderStyle": "solid",
          "borderTopLeftRadius": 15,
          "borderTopRightRadius": 15,
          "borderWidth": 1,
          "flexDirection": "row",
          "gap": 10,
          "justifyContent": "center",
          "opacity": 1,
          "paddingBottom": 10,
          "paddingLeft": 10,
          "paddingRight": 10,
          "paddingTop": 10,
        }
      }
    >
      <Text
        testID="save-icon"
      >
        Check
      </Text>
      <Text
        style={
          {
            "color": "#050B06",
            "fontFamily": "Inter",
            "fontSize": 16,
            "fontWeight": "400",
          }
        }
        variant="primary"
      >
        Save
      </Text>
    </View>
  </View>
</View>
`;
