// Jest Snapshot v1, https://goo.gl/fbAQLP

exports[`PassPhrase component Basic rendering renders correctly with default props 1`] = `
<View
  style={
    {
      "backgroundColor": "#303030",
      "borderColor": "#BABABA",
      "borderRadius": 10,
      "borderWidth": 1,
      "gap": 20,
      "padding": 10,
    }
  }
>
  <View
    style={
      {
        "alignItems": "center",
        "flexDirection": "row",
        "gap": 10,
      }
    }
  >
    PassPhraseIcon
    <Text
      style={
        {
          "color": "#F6F6F6",
          "fontFamily": "Inter",
          "fontSize": 14,
          "fontWeight": 400,
        }
      }
    >
      Recovery phrase
    </Text>
  </View>
  <View
    style={
      {
        "flexDirection": "row",
        "flexWrap": "wrap",
        "justifyContent": "space-around",
        "rowGap": 15,
      }
    }
  />
  <View
    accessibilityState={
      {
        "busy": undefined,
        "checked": undefined,
        "disabled": undefined,
        "expanded": undefined,
        "selected": undefined,
      }
    }
    accessibilityValue={
      {
        "max": undefined,
        "min": undefined,
        "now": undefined,
        "text": undefined,
      }
    }
    accessible={true}
    collapsable={false}
    focusable={true}
    onClick={[Function]}
    onResponderGrant={[Function]}
    onResponderMove={[Function]}
    onResponderRelease={[Function]}
    onResponderTerminate={[Function]}
    onResponderTerminationRequest={[Function]}
    onStartShouldSetResponder={[Function]}
    style={
      {
        "color": "#BADE5B",
        "flexDirection": "row",
        "gap": 5,
        "justifyContent": "center",
        "opacity": 1,
      }
    }
  >
    CopyIcon
    <Text
      style={
        {
          "alignSelf": "center",
          "color": "#BADE5B",
          "fontFamily": "Inter",
          "fontSize": 14,
          "fontWeight": 700,
          "textAlign": "center",
          "textAlignVertical": "center",
        }
      }
    >
      Copy
    </Text>
  </View>
</View>
`;
