// Jest Snapshot v1, https://goo.gl/fbAQLP

exports[`NoticeText Component matches snapshot for success type 1`] = `
<View
  style={
    [
      {
        "alignItems": "center",
        "flexDirection": "row",
        "gap": 5,
        "justifyContent": "flex-start",
      },
      undefined,
    ]
  }
>
  <RNSVGSvgView
    align="xMidYMid"
    bbHeight="14"
    bbWidth="14"
    fill="none"
    focusable={false}
    height="14"
    meetOrSlice={0}
    minX={0}
    minY={0}
    style={
      [
        {
          "backgroundColor": "transparent",
          "borderWidth": 0,
        },
        {
          "flex": 0,
          "height": 14,
          "width": 14,
        },
      ]
    }
    vbHeight={14}
    vbWidth={14}
    width="14"
  >
    <RNSVGGroup
      fill={null}
      propList={
        [
          "fill",
        ]
      }
    >
      <RNSVGPath
        d="M5.13 9.26 2.697 6.827l-.828.823 3.261 3.26 7-7-.823-.822z"
        fill={
          {
            "type": 2,
          }
        }
        propList={
          [
            "fill",
          ]
        }
      />
    </RNSVGGroup>
  </RNSVGSvgView>
  <Text
    style={
      [
        {
          "fontFamily": "Inter",
          "fontSize": 14,
          "fontWeight": "500",
        },
        {
          "color": "#BADE5B",
        },
        undefined,
      ]
    }
  >
    Snapshot Success
  </Text>
</View>
`;
