// Jest Snapshot v1, https://goo.gl/fbAQLP

exports[`ButtonFilter Component matches snapshot for primary variant 1`] = `
<View
  accessibilityState={
    {
      "busy": undefined,
      "checked": undefined,
      "disabled": undefined,
      "expanded": undefined,
      "selected": undefined,
    }
  }
  accessibilityValue={
    {
      "max": undefined,
      "min": undefined,
      "now": undefined,
      "text": undefined,
    }
  }
  accessible={true}
  collapsable={false}
  focusable={true}
  onClick={[Function]}
  onResponderGrant={[Function]}
  onResponderMove={[Function]}
  onResponderRelease={[Function]}
  onResponderTerminate={[Function]}
  onResponderTerminationRequest={[Function]}
  onStartShouldSetResponder={[Function]}
  style={
    {
      "alignItems": "center",
      "backgroundColor": "#779FA1",
      "borderRadius": 5,
      "flexDirection": "row",
      "gap": 7,
      "opacity": 1,
      "padding": 4,
    }
  }
>
  <Text
    testID="dummy-icon"
  >
    Icon 21 #2A3B3C
  </Text>
  <Text
    style={
      [
        {
          "fontFamily": "Inter",
          "fontSize": 16,
          "fontWeight": "400",
        },
        {
          "color": "#2A3B3C",
        },
        undefined,
      ]
    }
  >
    Filter Me
  </Text>
</View>
`;
