// Jest Snapshot v1, https://goo.gl/fbAQLP

exports[`CustomFields component renders correctly with note custom fields 1`] = `
<View
  testID="custom-fields"
>
  <View
    style={
      {
        "flexDirection": "column",
        "gap": 10,
        "width": "100%",
      }
    }
  >
    <View>
      <View
        accessibilityState={
          {
            "busy": undefined,
            "checked": undefined,
            "disabled": undefined,
            "expanded": undefined,
            "selected": undefined,
          }
        }
        accessibilityValue={
          {
            "max": undefined,
            "min": undefined,
            "now": undefined,
            "text": undefined,
          }
        }
        accessible={false}
        collapsable={false}
        focusable={true}
        onClick={[Function]}
        onResponderGrant={[Function]}
        onResponderMove={[Function]}
        onResponderRelease={[Function]}
        onResponderTerminate={[Function]}
        onResponderTerminationRequest={[Function]}
        onStartShouldSetResponder={[Function]}
        style={
          {
            "backgroundColor": "#303030",
            "borderBottomColor": "#BABABA",
            "borderBottomLeftRadius": 10,
            "borderBottomRightRadius": 10,
            "borderBottomWidth": 1,
            "borderLeftColor": "#BABABA",
            "borderLeftWidth": 1,
            "borderRightColor": "#BABABA",
            "borderRightWidth": 1,
            "borderTopColor": "#BABABA",
            "borderTopLeftRadius": 10,
            "borderTopRightRadius": 10,
            "borderTopWidth": 1,
            "opacity": 1,
            "position": "relative",
            "width": "100%",
          }
        }
      >
        <View
          style={
            [
              {
                "alignItems": "center",
                "flexDirection": "row",
                "gap": 15,
              },
              {
                "paddingBottom": 20,
                "paddingLeft": 12,
                "paddingRight": 10,
                "paddingTop": 20,
              },
            ]
          }
        >
          <View
            style={
              {
                "flexShrink": 0,
              }
            }
          >
            <RNSVGSvgView
              align="xMidYMid"
              bbHeight="21"
              bbWidth="21"
              fill="none"
              focusable={false}
              height="21"
              meetOrSlice={0}
              minX={0}
              minY={0}
              size="21"
              style={
                [
                  {
                    "backgroundColor": "transparent",
                    "borderWidth": 0,
                  },
                  {
                    "flex": 0,
                    "height": 21,
                    "width": 21,
                  },
                ]
              }
              vbHeight={25}
              vbWidth={24}
              width="21"
              xmlns="http://www.w3.org/2000/svg"
            >
              <RNSVGGroup
                fill={null}
                propList={
                  [
                    "fill",
                  ]
                }
              >
                <RNSVGPath
                  d="M8.3845 12.8077H15.6155V11.8077H8.3845V12.8077ZM8.3845 15.577H15.6155V14.577H8.3845V15.577ZM8.3845 18.3462H12.6155V17.3462H8.3845V18.3462ZM5 21.5V3.5H14.5L19 8V21.5H5ZM14 8.5V4.5H6V20.5H18V8.5H14Z"
                  fill={
                    {
                      "payload": 4294375158,
                      "type": 0,
                    }
                  }
                  propList={
                    [
                      "fill",
                    ]
                  }
                />
              </RNSVGGroup>
            </RNSVGSvgView>
          </View>
          <View
            style={
              {
                "flex": 1,
                "flexDirection": "column",
              }
            }
          >
            <Text
              style={
                {
                  "color": "#F6F6F6",
                  "fontFamily": "Inter",
                  "fontSize": 12,
                  "fontWeight": "400",
                }
              }
            >
               
              Note
               
            </Text>
            <View
              style={
                {
                  "flex": 1,
                  "marginTop": 5,
                  "minHeight": 29,
                }
              }
            >
              <TextInput
                accessible={true}
                editable={true}
                ellipsizeMode="tail"
                keyboardType="default"
                numberOfLines={1}
                onBlur={[Function]}
                onChangeText={[Function]}
                onFocus={[Function]}
                placeholder="Add note"
                placeholderTextColor="#BABABA"
                pointerEvents="auto"
                secureTextEntry={false}
                style={
                  [
                    {
                      "fontFamily": "Inter",
                      "fontSize": 20,
                      "fontWeight": "700",
                    },
                    {
                      "color": "#F6F6F6",
                    },
                  ]
                }
                value="test-note-value"
              />
            </View>
          </View>
          <View
            style={
              {
                "alignItems": "center",
                "alignSelf": "center",
                "flexDirection": "row",
                "gap": 10,
                "justifyContent": "flex-end",
              }
            }
          >
            <View
              accessibilityState={
                {
                  "busy": undefined,
                  "checked": undefined,
                  "disabled": undefined,
                  "expanded": undefined,
                  "selected": undefined,
                }
              }
              accessibilityValue={
                {
                  "max": undefined,
                  "min": undefined,
                  "now": undefined,
                  "text": undefined,
                }
              }
              accessible={true}
              collapsable={false}
              focusable={true}
              onClick={[Function]}
              onResponderGrant={[Function]}
              onResponderMove={[Function]}
              onResponderRelease={[Function]}
              onResponderTerminate={[Function]}
              onResponderTerminationRequest={[Function]}
              onStartShouldSetResponder={[Function]}
              style={
                {
                  "alignItems": "center",
                  "alignSelf": "flex-start",
                  "backgroundColor": "#050B06",
                  "borderBottomLeftRadius": 25,
                  "borderBottomRightRadius": 25,
                  "borderColor": "#050B06",
                  "borderStyle": "solid",
                  "borderTopLeftRadius": 25,
                  "borderTopRightRadius": 25,
                  "borderWidth": 1,
                  "flexDirection": "row",
                  "gap": 10,
                  "justifyContent": "center",
                  "opacity": 1,
                  "paddingBottom": 7,
                  "paddingLeft": 7,
                  "paddingRight": 7,
                  "paddingTop": 7,
                }
              }
            >
              <RNSVGSvgView
                align="xMidYMid"
                bbHeight="21"
                bbWidth="21"
                color="#BADE5B"
                fill="none"
                focusable={false}
                height="21"
                meetOrSlice={0}
                minX={0}
                minY={0}
                size="21"
                style={
                  [
                    {
                      "backgroundColor": "transparent",
                      "borderWidth": 0,
                    },
                    {
                      "flex": 0,
                      "height": 21,
                      "width": 21,
                    },
                  ]
                }
                vbHeight={25}
                vbWidth={24}
                width="21"
                xmlns="http://www.w3.org/2000/svg"
              >
                <RNSVGGroup
                  fill={null}
                  propList={
                    [
                      "fill",
                    ]
                  }
                >
                  <RNSVGPath
                    d="M6 20.3847V6.38473H5V5.38473H9V4.61548H15V5.38473H19V6.38473H18V20.3847H6ZM7 19.3847H17V6.38473H7V19.3847ZM9.80775 17.3847H10.8078V8.38473H9.80775V17.3847ZM13.1923 17.3847H14.1923V8.38473H13.1923V17.3847Z"
                    fill={
                      {
                        "payload": 4290436699,
                        "type": 0,
                      }
                    }
                    propList={
                      [
                        "fill",
                      ]
                    }
                  />
                </RNSVGGroup>
              </RNSVGSvgView>
            </View>
          </View>
        </View>
      </View>
    </View>
  </View>
  <View
    style={
      {
        "flexDirection": "column",
        "gap": 10,
        "width": "100%",
      }
    }
  >
    <View>
      <View
        accessibilityState={
          {
            "busy": undefined,
            "checked": undefined,
            "disabled": undefined,
            "expanded": undefined,
            "selected": undefined,
          }
        }
        accessibilityValue={
          {
            "max": undefined,
            "min": undefined,
            "now": undefined,
            "text": undefined,
          }
        }
        accessible={false}
        collapsable={false}
        focusable={true}
        onClick={[Function]}
        onResponderGrant={[Function]}
        onResponderMove={[Function]}
        onResponderRelease={[Function]}
        onResponderTerminate={[Function]}
        onResponderTerminationRequest={[Function]}
        onStartShouldSetResponder={[Function]}
        style={
          {
            "backgroundColor": "#303030",
            "borderBottomColor": "#BABABA",
            "borderBottomLeftRadius": 10,
            "borderBottomRightRadius": 10,
            "borderBottomWidth": 1,
            "borderLeftColor": "#BABABA",
            "borderLeftWidth": 1,
            "borderRightColor": "#BABABA",
            "borderRightWidth": 1,
            "borderTopColor": "#BABABA",
            "borderTopLeftRadius": 10,
            "borderTopRightRadius": 10,
            "borderTopWidth": 1,
            "opacity": 1,
            "position": "relative",
            "width": "100%",
          }
        }
      >
        <View
          style={
            [
              {
                "alignItems": "center",
                "flexDirection": "row",
                "gap": 15,
              },
              {
                "paddingBottom": 20,
                "paddingLeft": 12,
                "paddingRight": 10,
                "paddingTop": 20,
              },
            ]
          }
        >
          <View
            style={
              {
                "flexShrink": 0,
              }
            }
          >
            <RNSVGSvgView
              align="xMidYMid"
              bbHeight="21"
              bbWidth="21"
              fill="none"
              focusable={false}
              height="21"
              meetOrSlice={0}
              minX={0}
              minY={0}
              size="21"
              style={
                [
                  {
                    "backgroundColor": "transparent",
                    "borderWidth": 0,
                  },
                  {
                    "flex": 0,
                    "height": 21,
                    "width": 21,
                  },
                ]
              }
              vbHeight={25}
              vbWidth={24}
              width="21"
              xmlns="http://www.w3.org/2000/svg"
            >
              <RNSVGGroup
                fill={null}
                propList={
                  [
                    "fill",
                  ]
                }
              >
                <RNSVGPath
                  d="M8.3845 12.8077H15.6155V11.8077H8.3845V12.8077ZM8.3845 15.577H15.6155V14.577H8.3845V15.577ZM8.3845 18.3462H12.6155V17.3462H8.3845V18.3462ZM5 21.5V3.5H14.5L19 8V21.5H5ZM14 8.5V4.5H6V20.5H18V8.5H14Z"
                  fill={
                    {
                      "payload": 4294375158,
                      "type": 0,
                    }
                  }
                  propList={
                    [
                      "fill",
                    ]
                  }
                />
              </RNSVGGroup>
            </RNSVGSvgView>
          </View>
          <View
            style={
              {
                "flex": 1,
                "flexDirection": "column",
              }
            }
          >
            <Text
              style={
                {
                  "color": "#F6F6F6",
                  "fontFamily": "Inter",
                  "fontSize": 12,
                  "fontWeight": "400",
                }
              }
            >
               
              Note
               
            </Text>
            <View
              style={
                {
                  "flex": 1,
                  "marginTop": 5,
                  "minHeight": 29,
                }
              }
            >
              <TextInput
                accessible={true}
                editable={true}
                ellipsizeMode="tail"
                keyboardType="default"
                numberOfLines={1}
                onBlur={[Function]}
                onChangeText={[Function]}
                onFocus={[Function]}
                placeholder="Add note"
                placeholderTextColor="#BABABA"
                pointerEvents="auto"
                secureTextEntry={false}
                style={
                  [
                    {
                      "fontFamily": "Inter",
                      "fontSize": 20,
                      "fontWeight": "700",
                    },
                    {
                      "color": "#F6F6F6",
                    },
                  ]
                }
                value="test-note-value"
              />
            </View>
          </View>
          <View
            style={
              {
                "alignItems": "center",
                "alignSelf": "center",
                "flexDirection": "row",
                "gap": 10,
                "justifyContent": "flex-end",
              }
            }
          >
            <View
              accessibilityState={
                {
                  "busy": undefined,
                  "checked": undefined,
                  "disabled": undefined,
                  "expanded": undefined,
                  "selected": undefined,
                }
              }
              accessibilityValue={
                {
                  "max": undefined,
                  "min": undefined,
                  "now": undefined,
                  "text": undefined,
                }
              }
              accessible={true}
              collapsable={false}
              focusable={true}
              onClick={[Function]}
              onResponderGrant={[Function]}
              onResponderMove={[Function]}
              onResponderRelease={[Function]}
              onResponderTerminate={[Function]}
              onResponderTerminationRequest={[Function]}
              onStartShouldSetResponder={[Function]}
              style={
                {
                  "alignItems": "center",
                  "alignSelf": "flex-start",
                  "backgroundColor": "#050B06",
                  "borderBottomLeftRadius": 25,
                  "borderBottomRightRadius": 25,
                  "borderColor": "#050B06",
                  "borderStyle": "solid",
                  "borderTopLeftRadius": 25,
                  "borderTopRightRadius": 25,
                  "borderWidth": 1,
                  "flexDirection": "row",
                  "gap": 10,
                  "justifyContent": "center",
                  "opacity": 1,
                  "paddingBottom": 7,
                  "paddingLeft": 7,
                  "paddingRight": 7,
                  "paddingTop": 7,
                }
              }
            >
              <RNSVGSvgView
                align="xMidYMid"
                bbHeight="21"
                bbWidth="21"
                color="#BADE5B"
                fill="none"
                focusable={false}
                height="21"
                meetOrSlice={0}
                minX={0}
                minY={0}
                size="21"
                style={
                  [
                    {
                      "backgroundColor": "transparent",
                      "borderWidth": 0,
                    },
                    {
                      "flex": 0,
                      "height": 21,
                      "width": 21,
                    },
                  ]
                }
                vbHeight={25}
                vbWidth={24}
                width="21"
                xmlns="http://www.w3.org/2000/svg"
              >
                <RNSVGGroup
                  fill={null}
                  propList={
                    [
                      "fill",
                    ]
                  }
                >
                  <RNSVGPath
                    d="M6 20.3847V6.38473H5V5.38473H9V4.61548H15V5.38473H19V6.38473H18V20.3847H6ZM7 19.3847H17V6.38473H7V19.3847ZM9.80775 17.3847H10.8078V8.38473H9.80775V17.3847ZM13.1923 17.3847H14.1923V8.38473H13.1923V17.3847Z"
                    fill={
                      {
                        "payload": 4290436699,
                        "type": 0,
                      }
                    }
                    propList={
                      [
                        "fill",
                      ]
                    }
                  />
                </RNSVGGroup>
              </RNSVGSvgView>
            </View>
          </View>
        </View>
      </View>
    </View>
  </View>
</View>
`;
