// Jest Snapshot v1, https://goo.gl/fbAQLP

exports[`ButtonLittle Component matches snapshot 1`] = `
<View
  accessibilityState={
    {
      "busy": undefined,
      "checked": undefined,
      "disabled": undefined,
      "expanded": undefined,
      "selected": undefined,
    }
  }
  accessibilityValue={
    {
      "max": undefined,
      "min": undefined,
      "now": undefined,
      "text": undefined,
    }
  }
  accessible={true}
  collapsable={false}
  focusable={true}
  onClick={[Function]}
  onResponderGrant={[Function]}
  onResponderMove={[Function]}
  onResponderRelease={[Function]}
  onResponderTerminate={[Function]}
  onResponderTerminationRequest={[Function]}
  onStartShouldSetResponder={[Function]}
  style={
    {
      "alignItems": "center",
      "alignSelf": "flex-start",
      "backgroundColor": "#BADE5B",
      "borderColor": "#A3BB62",
      "borderRadius": 15,
      "borderWidth": 1,
      "flexDirection": "row",
      "gap": 10,
      "justifyContent": "center",
      "opacity": 1,
      "padding": 10,
    }
  }
>
  <Text
    testID="dummy-icon"
  >
    Icon 21 #050B06
  </Text>
  <Text
    style={
      [
        {
          "fontFamily": "Inter",
          "fontSize": 16,
          "fontWeight": "400",
        },
        {
          "color": "#050B06",
        },
        undefined,
      ]
    }
  >
    Little Button
  </Text>
</View>
`;
