// Jest Snapshot v1, https://goo.gl/fbAQLP

exports[`TextArea Component matches snapshot 1`] = `
<View
  accessibilityState={
    {
      "busy": undefined,
      "checked": undefined,
      "disabled": undefined,
      "expanded": undefined,
      "selected": undefined,
    }
  }
  accessibilityValue={
    {
      "max": undefined,
      "min": undefined,
      "now": undefined,
      "text": undefined,
    }
  }
  accessible={true}
  collapsable={false}
  focusable={true}
  onClick={[Function]}
  onResponderGrant={[Function]}
  onResponderMove={[Function]}
  onResponderRelease={[Function]}
  onResponderTerminate={[Function]}
  onResponderTerminationRequest={[Function]}
  onStartShouldSetResponder={[Function]}
  style={
    {
      "opacity": 1,
    }
  }
>
  <TextInput
    editable={true}
    multiline={true}
    onBlur={[Function]}
    onChangeText={[Function]}
    onFocus={[Function]}
    placeholder="Enter text"
    placeholderTextColor="#BABABA"
    style={
      [
        {
          "backgroundColor": "#303030",
          "borderRadius": 10,
          "borderWidth": 1,
          "color": "#F6F6F6",
          "fontFamily": "Inter",
          "fontSize": 16,
          "fontWeight": "700",
          "height": 233,
          "paddingHorizontal": 10,
          "paddingVertical": 8,
          "width": "100%",
        },
        {
          "borderColor": "#BABABA",
        },
        undefined,
      ]
    }
    textAlignVertical="top"
    value="snapshot text"
  />
</View>
`;
