// Jest Snapshot v1, https://goo.gl/fbAQLP

exports[`InputField Component matches snapshot 1`] = `
<View
  accessibilityState={
    {
      "busy": undefined,
      "checked": undefined,
      "disabled": undefined,
      "expanded": undefined,
      "selected": undefined,
    }
  }
  accessibilityValue={
    {
      "max": undefined,
      "min": undefined,
      "now": undefined,
      "text": undefined,
    }
  }
  accessible={false}
  collapsable={false}
  focusable={true}
  onClick={[Function]}
  onResponderGrant={[Function]}
  onResponderMove={[Function]}
  onResponderRelease={[Function]}
  onResponderTerminate={[Function]}
  onResponderTerminationRequest={[Function]}
  onStartShouldSetResponder={[Function]}
  style={
    {
      "borderTopColor": "#BABABA",
      "borderTopWidth": 1,
      "opacity": 1,
      "position": "relative",
      "width": "100%",
    }
  }
>
  <View
    style={
      [
        {
          "alignItems": "center",
          "flexDirection": "row",
          "gap": 15,
        },
        {
          "paddingBottom": 20,
          "paddingLeft": 12,
          "paddingRight": 10,
          "paddingTop": 20,
        },
      ]
    }
  >
    <View
      style={
        {
          "flex": 1,
          "flexDirection": "column",
        }
      }
    >
      <Text
        style={
          {
            "color": "#F6F6F6",
            "fontFamily": "Inter",
            "fontSize": 12,
            "fontWeight": "400",
          }
        }
      >
         
        Snapshot Label
         
      </Text>
      <View
        style={
          {
            "flex": 1,
            "marginTop": 5,
            "minHeight": 29,
          }
        }
      >
        <TextInput
          accessible={true}
          editable={true}
          ellipsizeMode="tail"
          keyboardType="default"
          numberOfLines={1}
          onBlur={[Function]}
          onChangeText={[Function]}
          onFocus={[Function]}
          placeholder="Enter snapshot"
          placeholderTextColor="#BABABA"
          pointerEvents="auto"
          secureTextEntry={true}
          style={
            [
              {
                "fontFamily": "Inter",
                "fontSize": 20,
                "fontWeight": "700",
              },
              {
                "color": "transparent",
              },
            ]
          }
          value="snapshot value"
        />
        <View
          pointerEvents="none"
          style={
            {
              "alignItems": "flex-start",
              "bottom": 0,
              "flex": 1,
              "flexDirection": "row",
              "left": 0,
              "overflow": "hidden",
              "position": "absolute",
              "right": 0,
              "top": 0,
            }
          }
        >
          <Text
            numberOfLines={1}
            style={
              [
                {
                  "color": "#F6F6F6",
                  "fontFamily": "Inter",
                  "textAlign": "center",
                },
                {
                  "fontSize": "20px",
                  "fontWeight": 700,
                },
                undefined,
              ]
            }
          >
            <Text>
              snapshot value
            </Text>
          </Text>
        </View>
      </View>
      <View
        style={
          {
            "alignItems": "center",
            "flexDirection": "row",
            "gap": 5,
            "marginTop": 2,
          }
        }
      >
        <RNSVGSvgView
          align="xMidYMid"
          bbHeight="10"
          bbWidth="10"
          fill="none"
          focusable={false}
          height="10"
          meetOrSlice={0}
          minX={0}
          minY={0}
          style={
            [
              {
                "backgroundColor": "transparent",
                "borderWidth": 0,
              },
              {
                "flex": 0,
                "height": 10,
                "width": 10,
              },
            ]
          }
          vbHeight={24}
          vbWidth={24}
          width="10"
        >
          <RNSVGGroup
            fill={null}
            propList={
              [
                "fill",
              ]
            }
          >
            <RNSVGPath
              d="M12 2C6.48 2 2 6.48 2 12s4.48 10 10 10 10-4.48 10-10S17.52 2 12 2m1 15h-2v-2h2zm0-4h-2V7h2z"
              fill={
                {
                  "type": 2,
                }
              }
              propList={
                [
                  "fill",
                ]
              }
            />
          </RNSVGGroup>
        </RNSVGSvgView>
        <Text
          style={
            {
              "color": "#D65C5E",
              "fontFamily": "Inter",
              "fontSize": 10,
              "fontWeight": "500",
            }
          }
        >
           
          Snapshot error
           
        </Text>
      </View>
    </View>
    <View
      style={
        {
          "alignItems": "center",
          "alignSelf": "center",
          "flexDirection": "row",
          "gap": 10,
          "justifyContent": "flex-end",
        }
      }
    />
  </View>
</View>
`;
